Unity Editor version:    2022.3.62f3 (96770f904ca7)
Branch:                  2022.3/respin/2022.3.62f2-4af31df585-v2
Build type:              Release
Batch mode:              YES
macOS version:           Version 26.0.1 (Build 25A362)
Darwin version:          25.0.0
Architecture:            arm64
Running under Rosetta:   NO
Available memory:        16384 MB
Using pre-set license
Pro License: YES

COMMAND LINE ARGUMENTS:
/Applications/Unity/Hub/Editor/2022.3.62f3/Unity.app/Contents/MacOS/Unity
-adb2
-batchMode
-noUpm
-name
AssetImportWorker1
-projectPath
/Users/declanmonk/Documents/GitHub/Turn-Based-Strategy/Maori History
-logFile
Logs/AssetImportWorker1.log
-srvPort
55575
Successfully changed project path to: /Users/declanmonk/Documents/GitHub/Turn-Based-Strategy/Maori History
/Users/declanmonk/Documents/GitHub/Turn-Based-Strategy/Maori History
[UnityMemory] Configuration Parameters - Can be set up in boot.config
    "memorysetup-bucket-allocator-granularity=16"
    "memorysetup-bucket-allocator-bucket-count=8"
    "memorysetup-bucket-allocator-block-size=33554432"
    "memorysetup-bucket-allocator-block-count=8"
    "memorysetup-main-allocator-block-size=16777216"
    "memorysetup-thread-allocator-block-size=16777216"
    "memorysetup-gfx-main-allocator-block-size=16777216"
    "memorysetup-gfx-thread-allocator-block-size=16777216"
    "memorysetup-cache-allocator-block-size=4194304"
    "memorysetup-typetree-allocator-block-size=2097152"
    "memorysetup-profiler-bucket-allocator-granularity=16"
    "memorysetup-profiler-bucket-allocator-bucket-count=8"
    "memorysetup-profiler-bucket-allocator-block-size=33554432"
    "memorysetup-profiler-bucket-allocator-block-count=8"
    "memorysetup-profiler-allocator-block-size=16777216"
    "memorysetup-profiler-editor-allocator-block-size=1048576"
    "memorysetup-temp-allocator-size-main=16777216"
    "memorysetup-job-temp-allocator-block-size=2097152"
    "memorysetup-job-temp-allocator-block-size-background=1048576"
    "memorysetup-job-temp-allocator-reduction-small-platforms=262144"
    "memorysetup-allocator-temp-initial-block-size-main=262144"
    "memorysetup-allocator-temp-initial-block-size-worker=262144"
    "memorysetup-temp-allocator-size-background-worker=32768"
    "memorysetup-temp-allocator-size-job-worker=262144"
    "memorysetup-temp-allocator-size-preload-manager=33554432"
    "memorysetup-temp-allocator-size-nav-mesh-worker=65536"
    "memorysetup-temp-allocator-size-audio-worker=65536"
    "memorysetup-temp-allocator-size-cloud-worker=32768"
    "memorysetup-temp-allocator-size-gi-baking-worker=262144"
    "memorysetup-temp-allocator-size-gfx=262144"
Player connection [8276166656]  Target information:

Player connection [8276166656]  * "[IP] 192.168.1.76 [Port] 0 [Flags] 2 [Guid] 2058718781 [EditorId] 2058718781 [Version] 1048832 [Id] OSXEditor(0,Declans-Mini.localdomain) [Debug] 1 [PackageName] OSXEditor [ProjectName] Editor" 

Player connection [8276166656]  * "[IP] 169.254.171.163 [Port] 0 [Flags] 2 [Guid] 2058718781 [EditorId] 2058718781 [Version] 1048832 [Id] OSXEditor(0,Declans-Mini.localdomain) [Debug] 1 [PackageName] OSXEditor [ProjectName] Editor" 

Player connection [8276166656] Host joined multi-casting on [225.0.0.222:54997]...
Player connection [8276166656] Host joined alternative multi-casting on [225.0.0.222:34997]...
Input System module state changed to: Initialized.
[PhysX] Initialized MultithreadedTaskDispatcher with 10 workers.
Refreshing native plugins compatible for Editor in 2.41 ms, found 2 plugins.
Preloading 0 native plugins for Editor in 0.00 ms.
Initialize engine version: 2022.3.62f3 (96770f904ca7)
[Subsystems] Discovering subsystems at path /Applications/Unity/Hub/Editor/2022.3.62f3/Unity.app/Contents/Resources/UnitySubsystems
[Subsystems] Discovering subsystems at path /Users/declanmonk/Documents/GitHub/Turn-Based-Strategy/Maori History/Assets
GfxDevice: creating device client; threaded=0; jobified=0
 preferred device: Apple M4 (high power)
Metal devices available: 1
0: Apple M4 (high power)
Using device Apple M4 (high power)
Initializing Metal device caps: Apple M4
Initialize mono
Mono path[0] = '/Applications/Unity/Hub/Editor/2022.3.62f3/Unity.app/Contents/Managed'
Mono path[1] = '/Applications/Unity/Hub/Editor/2022.3.62f3/Unity.app/Contents/MonoBleedingEdge/lib/mono/unityjit-macos'
Mono config path = '/Applications/Unity/Hub/Editor/2022.3.62f3/Unity.app/Contents/MonoBleedingEdge/etc'
Using monoOptions --debugger-agent=transport=dt_socket,embedding=1,server=y,suspend=n,address=127.0.0.1:56281
Begin MonoManager ReloadAssembly
Registering precompiled unity dll's ...
Register platform support module: /Applications/Unity/Hub/Editor/2022.3.62f3/Unity.app/Contents/PlaybackEngines/MacStandaloneSupport/UnityEditor.OSXStandalone.Extensions.dll
Registered in 0.000571 seconds.
- Loaded All Assemblies, in  0.140 seconds
Native extension for OSXStandalone target not found
Mono: successfully reloaded assembly
- Finished resetting the current domain, in  0.110 seconds
Domain Reload Profiling: 250ms
	BeginReloadAssembly (34ms)
		ExecutionOrderSort (0ms)
		DisableScriptedObjects (0ms)
		BackupInstance (0ms)
		ReleaseScriptingObjects (0ms)
		CreateAndSetChildDomain (0ms)
	RebuildCommonClasses (15ms)
	RebuildNativeTypeToScriptingClass (5ms)
	initialDomainReloadingComplete (20ms)
	LoadAllAssembliesAndSetupDomain (65ms)
		LoadAssemblies (34ms)
		RebuildTransferFunctionScriptingTraits (0ms)
		AnalyzeDomain (64ms)
			TypeCache.Refresh (63ms)
				TypeCache.ScanAssembly (56ms)
			ScanForSourceGeneratedMonoScriptInfo (0ms)
			ResolveRequiredComponents (0ms)
	FinalizeReload (110ms)
		ReleaseScriptCaches (0ms)
		RebuildScriptCaches (0ms)
		SetupLoadedEditorAssemblies (87ms)
			LogAssemblyErrors (0ms)
			InitializePlatformSupportModulesInManaged (4ms)
			SetLoadedEditorAssemblies (3ms)
			RefreshPlugins (0ms)
			BeforeProcessingInitializeOnLoad (1ms)
			ProcessInitializeOnLoadAttributes (60ms)
			ProcessInitializeOnLoadMethodAttributes (19ms)
			AfterProcessingInitializeOnLoad (0ms)
			EditorAssembliesLoaded (0ms)
		ExecutionOrderSort2 (0ms)
		AwakeInstancesAfterBackupRestoration (0ms)
========================================================================
Worker process is ready to serve import requests
Caller must complete domain reload
Begin MonoManager ReloadAssembly
- Loaded All Assemblies, in  0.232 seconds
Native extension for OSXStandalone target not found
Mono: successfully reloaded assembly
- Finished resetting the current domain, in  0.222 seconds
Domain Reload Profiling: 454ms
	BeginReloadAssembly (47ms)
		ExecutionOrderSort (0ms)
		DisableScriptedObjects (2ms)
		BackupInstance (0ms)
		ReleaseScriptingObjects (0ms)
		CreateAndSetChildDomain (9ms)
	RebuildCommonClasses (16ms)
	RebuildNativeTypeToScriptingClass (5ms)
	initialDomainReloadingComplete (15ms)
	LoadAllAssembliesAndSetupDomain (148ms)
		LoadAssemblies (88ms)
		RebuildTransferFunctionScriptingTraits (0ms)
		AnalyzeDomain (81ms)
			TypeCache.Refresh (73ms)
				TypeCache.ScanAssembly (65ms)
			ScanForSourceGeneratedMonoScriptInfo (5ms)
			ResolveRequiredComponents (2ms)
	FinalizeReload (222ms)
		ReleaseScriptCaches (0ms)
		RebuildScriptCaches (0ms)
		SetupLoadedEditorAssemblies (160ms)
			LogAssemblyErrors (0ms)
			InitializePlatformSupportModulesInManaged (2ms)
			SetLoadedEditorAssemblies (2ms)
			RefreshPlugins (0ms)
			BeforeProcessingInitializeOnLoad (22ms)
			ProcessInitializeOnLoadAttributes (124ms)
			ProcessInitializeOnLoadMethodAttributes (10ms)
			AfterProcessingInitializeOnLoad (1ms)
			EditorAssembliesLoaded (0ms)
		ExecutionOrderSort2 (0ms)
		AwakeInstancesAfterBackupRestoration (1ms)
Launching external process: /Applications/Unity/Hub/Editor/2022.3.62f3/Unity.app/Contents/Tools/UnityShaderCompiler
Launched and connected shader compiler UnityShaderCompiler after 0.02 seconds
Refreshing native plugins compatible for Editor in 0.47 ms, found 2 plugins.
Preloading 0 native plugins for Editor in 0.00 ms.
Unloading 3295 Unused Serialized files (Serialized files now loaded: 0)
Unloading 19 unused Assets / (48.9 KB). Loaded Objects now: 3763.
Memory consumption went from 134.4 MB to 134.3 MB.
Total: 1.706541 ms (FindLiveObjects: 0.086750 ms CreateObjectMapping: 0.027750 ms MarkObjects: 1.543791 ms  DeleteObjects: 0.047875 ms)

AssetImportParameters requested are different than current active one (requested -> active):
  custom:container-demuxer-ogg: 62fdf1f143b41e24485cea50d1cbac27 -> 
  custom:video-decoder-ogg-theora: a1e56fd34408186e4bbccfd4996cb3dc -> 
  custom:CustomObjectIndexerAttribute: 9a22284fe3817be447336de3de66b15e -> 
  custom:container-demuxer-webm: 4f35f7cbe854078d1ac9338744f61a02 -> 
  custom:container-muxer-webm: aa71ff27fc2769a1b78a27578f13a17b -> 
  custom:video-decoder-webm-vp8: 9c59270c3fd7afecdb556c50c9e8de78 -> 
  custom:SearchIndexIgnoredProperties: e643bd26f0fe6173181afceb89e7c659 -> 
  custom:AudioImporter_EditorPlatform: 3918e3fc78b5a79bad01e8451be0beb8 -> 
  custom:framework-osx-AVFoundation: e770b220cccbd017edd2c1fefb359320 -> 
  custom:video-encoder-webm-vp8: eb34c28f22e8b96e1ab97ce403110664 -> 
  custom:audio-decoder-ogg-vorbis: bf7c407c2cedff20999df2af8eb42d56 -> 
  custom:audio-encoder-webm-vorbis: bf7c407c2cedff20999df2af8eb42d56 -> 
========================================================================
Received Import Request.
  Time since last request: 9006.848263 seconds.
  path: Assets/noise.png
  artifactKey: Guid(ec1a905b515a64a57b02d2701f0fc5eb) Importer(815301076,1909f56bfc062723c751e8b465ee728b)
Start importing Assets/noise.png using Guid(ec1a905b515a64a57b02d2701f0fc5eb) Importer(815301076,1909f56bfc062723c751e8b465ee728b) [PhysX] Initialized MultithreadedTaskDispatcher with 10 workers.
[PhysX] Initialized MultithreadedTaskDispatcher with 10 workers.
 -> (artifact id: '3edb636b3f11613cc5bc7aea095b5092') in 0.083735 seconds
Number of updated asset objects reloaded before import = 0
Number of asset objects unloaded after import = 2
========================================================================
Received Prepare
Caller must complete domain reload
Begin MonoManager ReloadAssembly
Thread 0x173047000 may have been prematurely finalized
- Loaded All Assemblies, in  0.144 seconds
Native extension for OSXStandalone target not found
Mono: successfully reloaded assembly
- Finished resetting the current domain, in  0.492 seconds
Domain Reload Profiling: 637ms
	BeginReloadAssembly (51ms)
		ExecutionOrderSort (0ms)
		DisableScriptedObjects (2ms)
		BackupInstance (0ms)
		ReleaseScriptingObjects (0ms)
		CreateAndSetChildDomain (12ms)
	RebuildCommonClasses (14ms)
	RebuildNativeTypeToScriptingClass (5ms)
	initialDomainReloadingComplete (8ms)
	LoadAllAssembliesAndSetupDomain (65ms)
		LoadAssemblies (78ms)
		RebuildTransferFunctionScriptingTraits (0ms)
		AnalyzeDomain (7ms)
			TypeCache.Refresh (3ms)
				TypeCache.ScanAssembly (0ms)
			ScanForSourceGeneratedMonoScriptInfo (0ms)
			ResolveRequiredComponents (3ms)
	FinalizeReload (492ms)
		ReleaseScriptCaches (0ms)
		RebuildScriptCaches (0ms)
		SetupLoadedEditorAssemblies (177ms)
			LogAssemblyErrors (0ms)
			InitializePlatformSupportModulesInManaged (3ms)
			SetLoadedEditorAssemblies (2ms)
			RefreshPlugins (0ms)
			BeforeProcessingInitializeOnLoad (26ms)
			ProcessInitializeOnLoadAttributes (135ms)
			ProcessInitializeOnLoadMethodAttributes (11ms)
			AfterProcessingInitializeOnLoad (1ms)
			EditorAssembliesLoaded (0ms)
		ExecutionOrderSort2 (0ms)
		AwakeInstancesAfterBackupRestoration (2ms)
Refreshing native plugins compatible for Editor in 0.66 ms, found 2 plugins.
Preloading 0 native plugins for Editor in 0.00 ms.
Unloading 3264 Unused Serialized files (Serialized files now loaded: 0)
Unloading 14 unused Assets / (28.5 KB). Loaded Objects now: 3769.
Memory consumption went from 132.6 MB to 132.6 MB.
Total: 2.105667 ms (FindLiveObjects: 0.133709 ms CreateObjectMapping: 0.027791 ms MarkObjects: 1.886750 ms  DeleteObjects: 0.056792 ms)

Prepare: number of updated asset objects reloaded= 0
AssetImportParameters requested are different than current active one (requested -> active):
  custom:container-demuxer-ogg: 62fdf1f143b41e24485cea50d1cbac27 -> 
  custom:video-decoder-ogg-theora: a1e56fd34408186e4bbccfd4996cb3dc -> 
  custom:CustomObjectIndexerAttribute: 9a22284fe3817be447336de3de66b15e -> 
  custom:container-demuxer-webm: 4f35f7cbe854078d1ac9338744f61a02 -> 
  custom:container-muxer-webm: aa71ff27fc2769a1b78a27578f13a17b -> 
  custom:video-decoder-webm-vp8: 9c59270c3fd7afecdb556c50c9e8de78 -> 
  custom:SearchIndexIgnoredProperties: e643bd26f0fe6173181afceb89e7c659 -> 
  custom:AudioImporter_EditorPlatform: 3918e3fc78b5a79bad01e8451be0beb8 -> 
  custom:framework-osx-AVFoundation: e770b220cccbd017edd2c1fefb359320 -> 
  custom:video-encoder-webm-vp8: eb34c28f22e8b96e1ab97ce403110664 -> 
  custom:audio-decoder-ogg-vorbis: bf7c407c2cedff20999df2af8eb42d56 -> 
  custom:audio-encoder-webm-vorbis: bf7c407c2cedff20999df2af8eb42d56 -> 
========================================================================
Received Import Request.
  Time since last request: 4500.798318 seconds.
  path: Assets/Prefabs/banner.svg
  artifactKey: Guid(e269de5557acf43d5beeda52c720f7d4) Importer(815301076,1909f56bfc062723c751e8b465ee728b)
Start importing Assets/Prefabs/banner.svg using Guid(e269de5557acf43d5beeda52c720f7d4) Importer(815301076,1909f56bfc062723c751e8b465ee728b) [PhysX] Initialized MultithreadedTaskDispatcher with 10 workers.
 -> (artifact id: '4000403d442729f819334cac29dc44d6') in 0.133271 seconds
Number of updated asset objects reloaded before import = 0
Number of asset objects unloaded after import = 8
========================================================================
Received Import Request.
  Time since last request: 0.000043 seconds.
  path: Assets/Prefabs/village.svg
  artifactKey: Guid(a942a1a6d5311422cbf582a5d1b1b176) Importer(815301076,1909f56bfc062723c751e8b465ee728b)
Start importing Assets/Prefabs/village.svg using Guid(a942a1a6d5311422cbf582a5d1b1b176) Importer(815301076,1909f56bfc062723c751e8b465ee728b) [PhysX] Initialized MultithreadedTaskDispatcher with 10 workers.
[PhysX] Initialized MultithreadedTaskDispatcher with 10 workers.
 -> (artifact id: '783c7532c8895fe1128894c2d9ee9cc8') in 0.076133 seconds
Number of updated asset objects reloaded before import = 0
Number of asset objects unloaded after import = 7
========================================================================
Received Import Request.
  Time since last request: 0.000058 seconds.
  path: Assets/Prefabs/Hex Cell Label.prefab
  artifactKey: Guid(bd8a0e441d6184d0884f0fd797f8760b) Importer(815301076,1909f56bfc062723c751e8b465ee728b)
Start importing Assets/Prefabs/Hex Cell Label.prefab using Guid(bd8a0e441d6184d0884f0fd797f8760b) Importer(815301076,1909f56bfc062723c751e8b465ee728b) [PhysX] Initialized MultithreadedTaskDispatcher with 10 workers.
 -> (artifact id: '0240aa6a5ba2c5b354ff1767c72ba5a2') in 0.002618 seconds
Number of updated asset objects reloaded before import = 0
Number of asset objects unloaded after import = 8
========================================================================
Received Import Request.
  Time since last request: 0.000026 seconds.
  path: Assets/Prefabs/Hotbar Slot.svg
  artifactKey: Guid(2e9a66fb88b2b4f44aeb415019df286e) Importer(815301076,1909f56bfc062723c751e8b465ee728b)
Start importing Assets/Prefabs/Hotbar Slot.svg using Guid(2e9a66fb88b2b4f44aeb415019df286e) Importer(815301076,1909f56bfc062723c751e8b465ee728b) [PhysX] Initialized MultithreadedTaskDispatcher with 10 workers.
 -> (artifact id: '5971313f3a5a67040ab280e5d9c6bfac') in 0.002535 seconds
Number of updated asset objects reloaded before import = 0
Number of asset objects unloaded after import = 8
========================================================================
Received Import Request.
  Time since last request: 0.000135 seconds.
  path: Assets/Prefabs/Warrior.prefab
  artifactKey: Guid(386218df860aa4e3f855464915b0a68e) Importer(815301076,1909f56bfc062723c751e8b465ee728b)
Start importing Assets/Prefabs/Warrior.prefab using Guid(386218df860aa4e3f855464915b0a68e) Importer(815301076,1909f56bfc062723c751e8b465ee728b) [PhysX] Initialized MultithreadedTaskDispatcher with 10 workers.
[PhysX] Initialized MultithreadedTaskDispatcher with 10 workers.
 -> (artifact id: '6ffcbfa37e0cd0048b042f07aa66390f') in 0.279445 seconds
Number of updated asset objects reloaded before import = 0
Number of asset objects unloaded after import = 50
========================================================================
Received Import Request.
  Time since last request: 5.792052 seconds.
  path: Assets/Chunks/Test chunks/HexCell(Clone).prefab
  artifactKey: Guid(f4fbbef9f94d7460fab08910244df1d9) Importer(815301076,1909f56bfc062723c751e8b465ee728b)
Start importing Assets/Chunks/Test chunks/HexCell(Clone).prefab using Guid(f4fbbef9f94d7460fab08910244df1d9) Importer(815301076,1909f56bfc062723c751e8b465ee728b) [PhysX] Initialized MultithreadedTaskDispatcher with 10 workers.
 -> (artifact id: '5221e83562bf4cf4e8049ae2d675c915') in 0.002702 seconds
Number of updated asset objects reloaded before import = 0
Number of asset objects unloaded after import = 5
========================================================================
Received Import Request.
  Time since last request: 0.000073 seconds.
  path: Assets/Chunks/Test chunks/HexCell(Clone) 2.prefab
  artifactKey: Guid(b80c7e338b56441428433d10410b95a7) Importer(815301076,1909f56bfc062723c751e8b465ee728b)
Start importing Assets/Chunks/Test chunks/HexCell(Clone) 2.prefab using Guid(b80c7e338b56441428433d10410b95a7) Importer(815301076,1909f56bfc062723c751e8b465ee728b) [PhysX] Initialized MultithreadedTaskDispatcher with 10 workers.
 -> (artifact id: '0f45b6718c7cad07cfd38ea7e4592936') in 0.003671 seconds
Number of updated asset objects reloaded before import = 0
Number of asset objects unloaded after import = 5
========================================================================
Received Import Request.
  Time since last request: 0.000099 seconds.
  path: Assets/Chunks/Test chunks/HexCell(Clone) 8.prefab
  artifactKey: Guid(dc987a5153c5949b79b5b3a90843eed9) Importer(815301076,1909f56bfc062723c751e8b465ee728b)
Start importing Assets/Chunks/Test chunks/HexCell(Clone) 8.prefab using Guid(dc987a5153c5949b79b5b3a90843eed9) Importer(815301076,1909f56bfc062723c751e8b465ee728b) [PhysX] Initialized MultithreadedTaskDispatcher with 10 workers.
 -> (artifact id: 'df39146c6be98d797b557496569d11dc') in 0.000954 seconds
Number of updated asset objects reloaded before import = 0
Number of asset objects unloaded after import = 5
========================================================================
Received Import Request.
  Time since last request: 0.000061 seconds.
  path: Assets/Chunks/Test chunks/HexCell(Clone) 17.prefab
  artifactKey: Guid(4b03f7f2081cb4a2baa2948d35fb10f6) Importer(815301076,1909f56bfc062723c751e8b465ee728b)
Start importing Assets/Chunks/Test chunks/HexCell(Clone) 17.prefab using Guid(4b03f7f2081cb4a2baa2948d35fb10f6) Importer(815301076,1909f56bfc062723c751e8b465ee728b) [PhysX] Initialized MultithreadedTaskDispatcher with 10 workers.
 -> (artifact id: 'c8fcd7724f5574b271b70299d04ef451') in 0.000519 seconds
Number of updated asset objects reloaded before import = 0
Number of asset objects unloaded after import = 5
========================================================================
Received Import Request.
  Time since last request: 0.000060 seconds.
  path: Assets/Chunks/Test chunks/HexCell(Clone) 16.prefab
  artifactKey: Guid(4b3dc01af9400413482c2a68f81b1b94) Importer(815301076,1909f56bfc062723c751e8b465ee728b)
Start importing Assets/Chunks/Test chunks/HexCell(Clone) 16.prefab using Guid(4b3dc01af9400413482c2a68f81b1b94) Importer(815301076,1909f56bfc062723c751e8b465ee728b) [PhysX] Initialized MultithreadedTaskDispatcher with 10 workers.
 -> (artifact id: '7cdeb1eed7c6013f1964e21d06ee37a3') in 0.000469 seconds
Number of updated asset objects reloaded before import = 0
Number of asset objects unloaded after import = 5
========================================================================
Received Import Request.
  Time since last request: 0.000080 seconds.
  path: Assets/Chunks/Test chunks/HexCell(Clone) 21.prefab
  artifactKey: Guid(88283edb7c46b4d8ea76b15a5628e309) Importer(815301076,1909f56bfc062723c751e8b465ee728b)
Start importing Assets/Chunks/Test chunks/HexCell(Clone) 21.prefab using Guid(88283edb7c46b4d8ea76b15a5628e309) Importer(815301076,1909f56bfc062723c751e8b465ee728b) [PhysX] Initialized MultithreadedTaskDispatcher with 10 workers.
 -> (artifact id: '7f9fd52b146bbc676c181f59c20720a9') in 0.000451 seconds
Number of updated asset objects reloaded before import = 0
Number of asset objects unloaded after import = 5
========================================================================
Received Import Request.
  Time since last request: 0.000112 seconds.
  path: Assets/Chunks/Test chunks/HexCell(Clone) 15.prefab
  artifactKey: Guid(1abf171cf20f14ac5be2442b90935713) Importer(815301076,1909f56bfc062723c751e8b465ee728b)
Start importing Assets/Chunks/Test chunks/HexCell(Clone) 15.prefab using Guid(1abf171cf20f14ac5be2442b90935713) Importer(815301076,1909f56bfc062723c751e8b465ee728b) [PhysX] Initialized MultithreadedTaskDispatcher with 10 workers.
 -> (artifact id: '30d45bd2ef2bd9bf31708ff34e37e720') in 0.000399 seconds
Number of updated asset objects reloaded before import = 0
Number of asset objects unloaded after import = 5
========================================================================
Received Import Request.
  Time since last request: 0.000155 seconds.
  path: Assets/Chunks/Test chunks/HexCell(Clone) 24.prefab
  artifactKey: Guid(f17405990f3384abc8a5bb8b4da42b1f) Importer(815301076,1909f56bfc062723c751e8b465ee728b)
Start importing Assets/Chunks/Test chunks/HexCell(Clone) 24.prefab using Guid(f17405990f3384abc8a5bb8b4da42b1f) Importer(815301076,1909f56bfc062723c751e8b465ee728b) [PhysX] Initialized MultithreadedTaskDispatcher with 10 workers.
 -> (artifact id: '9635b0c4cdb6cbcfc7ae95918257e1ba') in 0.000433 seconds
Number of updated asset objects reloaded before import = 0
Number of asset objects unloaded after import = 5
========================================================================
Received Import Request.
  Time since last request: 0.000115 seconds.
  path: Assets/Chunks/Test chunks/HexCell(Clone) 19.prefab
  artifactKey: Guid(b388d59ab8ba94ccbb13c5691c7a625a) Importer(815301076,1909f56bfc062723c751e8b465ee728b)
Start importing Assets/Chunks/Test chunks/HexCell(Clone) 19.prefab using Guid(b388d59ab8ba94ccbb13c5691c7a625a) Importer(815301076,1909f56bfc062723c751e8b465ee728b) [PhysX] Initialized MultithreadedTaskDispatcher with 10 workers.
 -> (artifact id: '836fe5961a37eed374091b92cf3d1c1b') in 0.000726 seconds
Number of updated asset objects reloaded before import = 0
Number of asset objects unloaded after import = 5
========================================================================
Received Import Request.
  Time since last request: 0.000068 seconds.
  path: Assets/Chunks/Test chunks/HexCell(Clone) 3.prefab
  artifactKey: Guid(872cf81338e9c45f8ae4b31e0ccb1b8a) Importer(815301076,1909f56bfc062723c751e8b465ee728b)
Start importing Assets/Chunks/Test chunks/HexCell(Clone) 3.prefab using Guid(872cf81338e9c45f8ae4b31e0ccb1b8a) Importer(815301076,1909f56bfc062723c751e8b465ee728b) [PhysX] Initialized MultithreadedTaskDispatcher with 10 workers.
 -> (artifact id: '216354fcc6b02464ca03c5987927a0c7') in 0.000455 seconds
Number of updated asset objects reloaded before import = 0
Number of asset objects unloaded after import = 5
========================================================================
Received Import Request.
  Time since last request: 0.000078 seconds.
  path: Assets/Chunks/Test chunks/HexCell(Clone) 6.prefab
  artifactKey: Guid(ec98f416409b54afbbb94be4677eddb1) Importer(815301076,1909f56bfc062723c751e8b465ee728b)
Start importing Assets/Chunks/Test chunks/HexCell(Clone) 6.prefab using Guid(ec98f416409b54afbbb94be4677eddb1) Importer(815301076,1909f56bfc062723c751e8b465ee728b) [PhysX] Initialized MultithreadedTaskDispatcher with 10 workers.
 -> (artifact id: 'ea6abca06c54b05f5d1d39e06d3cd066') in 0.000401 seconds
Number of updated asset objects reloaded before import = 0
Number of asset objects unloaded after import = 5
========================================================================
Received Import Request.
  Time since last request: 0.000063 seconds.
  path: Assets/Chunks/Test chunks/HexCell(Clone) 12.prefab
  artifactKey: Guid(5041ad99f46694c88a91452e2951e026) Importer(815301076,1909f56bfc062723c751e8b465ee728b)
Start importing Assets/Chunks/Test chunks/HexCell(Clone) 12.prefab using Guid(5041ad99f46694c88a91452e2951e026) Importer(815301076,1909f56bfc062723c751e8b465ee728b) [PhysX] Initialized MultithreadedTaskDispatcher with 10 workers.
 -> (artifact id: '28a919dc2115cd33e2c2580025afaef9') in 0.000375 seconds
Number of updated asset objects reloaded before import = 0
Number of asset objects unloaded after import = 5
========================================================================
Received Import Request.
  Time since last request: 0.000087 seconds.
  path: Assets/Chunks/Test chunks/HexCell(Clone) 13.prefab
  artifactKey: Guid(f9f12956397dc40a6b24199a26afa29c) Importer(815301076,1909f56bfc062723c751e8b465ee728b)
Start importing Assets/Chunks/Test chunks/HexCell(Clone) 13.prefab using Guid(f9f12956397dc40a6b24199a26afa29c) Importer(815301076,1909f56bfc062723c751e8b465ee728b) [PhysX] Initialized MultithreadedTaskDispatcher with 10 workers.
 -> (artifact id: '3d740554ec67fd36b2aa767e1f1d68cd') in 0.000442 seconds
Number of updated asset objects reloaded before import = 0
Number of asset objects unloaded after import = 5
========================================================================
Received Import Request.
  Time since last request: 0.381192 seconds.
  path: Assets/Chunks/ChunkPreset2.asset
  artifactKey: Guid(cba38c361526a41d0b8e3f4eb90e7483) Importer(815301076,1909f56bfc062723c751e8b465ee728b)
Start importing Assets/Chunks/ChunkPreset2.asset using Guid(cba38c361526a41d0b8e3f4eb90e7483) Importer(815301076,1909f56bfc062723c751e8b465ee728b) [PhysX] Initialized MultithreadedTaskDispatcher with 10 workers.
 -> (artifact id: '6a96c1d9954d23f25ab4ed114f4c52db') in 0.001586 seconds
Number of updated asset objects reloaded before import = 0
Number of asset objects unloaded after import = 1
========================================================================
Received Import Request.
  Time since last request: 0.000049 seconds.
  path: Assets/Chunks/ChunkPreset4.asset
  artifactKey: Guid(7552e8c3dc73643169c52308f60bbe6c) Importer(815301076,1909f56bfc062723c751e8b465ee728b)
Start importing Assets/Chunks/ChunkPreset4.asset using Guid(7552e8c3dc73643169c52308f60bbe6c) Importer(815301076,1909f56bfc062723c751e8b465ee728b) [PhysX] Initialized MultithreadedTaskDispatcher with 10 workers.
 -> (artifact id: '37e3cd8593483028e339967d0662777a') in 0.000747 seconds
Number of updated asset objects reloaded before import = 0
Number of asset objects unloaded after import = 1
========================================================================
Received Import Request.
  Time since last request: 0.000094 seconds.
  path: Assets/Chunks/ChunkPreset6.asset
  artifactKey: Guid(1fc8e24fc07064c1bb4abbd4b73c54a9) Importer(815301076,1909f56bfc062723c751e8b465ee728b)
Start importing Assets/Chunks/ChunkPreset6.asset using Guid(1fc8e24fc07064c1bb4abbd4b73c54a9) Importer(815301076,1909f56bfc062723c751e8b465ee728b) [PhysX] Initialized MultithreadedTaskDispatcher with 10 workers.
 -> (artifact id: '17ff19a420d80792520c09fe9c5041ef') in 0.000798 seconds
Number of updated asset objects reloaded before import = 0
Number of asset objects unloaded after import = 1
========================================================================
Received Import Request.
  Time since last request: 0.000050 seconds.
  path: Assets/Chunks/ChunkPreset8.asset
  artifactKey: Guid(1ec2a5c6af4eb490aa7f793c7fee399a) Importer(815301076,1909f56bfc062723c751e8b465ee728b)
Start importing Assets/Chunks/ChunkPreset8.asset using Guid(1ec2a5c6af4eb490aa7f793c7fee399a) Importer(815301076,1909f56bfc062723c751e8b465ee728b) [PhysX] Initialized MultithreadedTaskDispatcher with 10 workers.
 -> (artifact id: 'acfbf7b96aa2fb94dafb746bb2e3d288') in 0.000828 seconds
Number of updated asset objects reloaded before import = 0
Number of asset objects unloaded after import = 1
========================================================================
Received Import Request.
  Time since last request: 0.000043 seconds.
  path: Assets/Chunks/ChunkPreset9.asset
  artifactKey: Guid(e9946492182dd41599394662619cc81a) Importer(815301076,1909f56bfc062723c751e8b465ee728b)
Start importing Assets/Chunks/ChunkPreset9.asset using Guid(e9946492182dd41599394662619cc81a) Importer(815301076,1909f56bfc062723c751e8b465ee728b) [PhysX] Initialized MultithreadedTaskDispatcher with 10 workers.
 -> (artifact id: '8933ef5e19e81247d09d05df7f102b43') in 0.000788 seconds
Number of updated asset objects reloaded before import = 0
Number of asset objects unloaded after import = 1
========================================================================
Received Import Request.
  Time since last request: 0.000064 seconds.
  path: Assets/Chunks/ChunkPreset11.asset
  artifactKey: Guid(2b7113ad813da43d39b0f99fa874a994) Importer(815301076,1909f56bfc062723c751e8b465ee728b)
Start importing Assets/Chunks/ChunkPreset11.asset using Guid(2b7113ad813da43d39b0f99fa874a994) Importer(815301076,1909f56bfc062723c751e8b465ee728b) [PhysX] Initialized MultithreadedTaskDispatcher with 10 workers.
 -> (artifact id: 'e2ecde1e92f36ac14d6da5f93c28142f') in 0.000738 seconds
Number of updated asset objects reloaded before import = 0
Number of asset objects unloaded after import = 1
========================================================================
Received Import Request.
  Time since last request: 0.000378 seconds.
  path: Assets/Chunks/Tutorial Map.asset
  artifactKey: Guid(a4c926f0274664d13a16a86e8fc520f0) Importer(815301076,1909f56bfc062723c751e8b465ee728b)
Start importing Assets/Chunks/Tutorial Map.asset using Guid(a4c926f0274664d13a16a86e8fc520f0) Importer(815301076,1909f56bfc062723c751e8b465ee728b) [PhysX] Initialized MultithreadedTaskDispatcher with 10 workers.
 -> (artifact id: 'c95a40c492300bbf53cad0ac091b1ea4') in 0.002708 seconds
Number of updated asset objects reloaded before import = 0
Number of asset objects unloaded after import = 1
